
> thesisforge-frontend@0.1.0 dev
> next dev -p 3000

▲ Next.js 16.2.6 (Turbopack)
- Local:         http://localhost:3000
- Network:       http://192.168.3.103:3000
✓ Ready in 1277ms

 GET / 200 in 1806ms (next.js: 1170ms, application-code: 636ms)
 GET /repos 200 in 164ms (next.js: 65ms, application-code: 98ms)
 GET /repos/import 200 in 151ms (next.js: 64ms, application-code: 87ms)
 GET /repos/4ab3cedb-6e9e-4356-8460-5cfaf023554f 200 in 1155ms (next.js: 1093ms, application-code: 62ms)
○ Compiling /docs/[doc_id] ...
 GET /docs/268cab4e-014c-46bc-b5c0-a226b84b6c1e 200 in 4.1s (next.js: 4.0s, application-code: 47ms)
 GET /repos/4ab3cedb-6e9e-4356-8460-5cfaf023554f 200 in 148ms (next.js: 90ms, application-code: 58ms)
 GET /docs 404 in 326ms (next.js: 221ms, application-code: 105ms)
 GET /docs 404 in 132ms (next.js: 11ms, application-code: 121ms)
 GET /docs 404 in 66ms (next.js: 19ms, application-code: 46ms)
 GET /docs 404 in 272ms (next.js: 26ms, application-code: 247ms)
 GET /repos 200 in 84ms (next.js: 12ms, application-code: 72ms)
 GET /docs 404 in 196ms (next.js: 12ms, application-code: 184ms)
 GET /docs 404 in 113ms (next.js: 7ms, application-code: 105ms)
 GET / 200 in 73ms (next.js: 8ms, application-code: 64ms)
 GET /docs 404 in 264ms (next.js: 13ms, application-code: 251ms)
 GET /docs 404 in 174ms (next.js: 10ms, application-code: 164ms)
 GET / 200 in 79ms (next.js: 9ms, application-code: 70ms)
 GET / 200 in 158ms (next.js: 13ms, application-code: 146ms)
[browser] Backend not reachable. Please ensure the python backend is running on port 8000. (app/page.tsx:28:17)
 GET /repos 200 in 47ms (next.js: 13ms, application-code: 34ms)
 GET /repos 200 in 36ms (next.js: 7ms, application-code: 29ms)
 GET / 200 in 44ms (next.js: 9ms, application-code: 35ms)
[browser] Backend not reachable. Please ensure the python backend is running on port 8000. (app/page.tsx:28:17)
[browser] Backend not reachable. Please ensure the python backend is running on port 8000. (app/page.tsx:28:17)
 GET /repos 200 in 27ms (next.js: 3ms, application-code: 24ms)
 GET / 200 in 46ms (next.js: 9ms, application-code: 37ms)
[browser] Backend not reachable. Please ensure the python backend is running on port 8000. (app/page.tsx:28:17)
[browser] Backend not reachable. Please ensure the python backend is running on port 8000. (app/page.tsx:28:17)
[?25h
